---
source: crates/synapse-core/tests/action_snapshots.rs
assertion_line: 12
expression: canonical_actions()
---
{
  "aim_at": {
    "kind": "aim_at",
    "target": {
      "kind": "element",
      "element_id": "0x12ab:0a1b2c3d"
    },
    "style": "snap",
    "deadline_ms": 60,
    "backend": "software"
  },
  "combo": {
    "kind": "combo",
    "steps": [
      {
        "at_ms": 0,
        "input": {
          "kind": "key_down",
          "key": {
            "code": {
              "kind": "named",
              "value": "a"
            },
            "use_scancode": false
          }
        }
      },
      {
        "at_ms": 33,
        "input": {
          "kind": "key_up",
          "key": {
            "code": {
              "kind": "named",
              "value": "a"
            },
            "use_scancode": false
          }
        }
      }
    ],
    "backend": "software"
  },
  "key_chord": {
    "kind": "key_chord",
    "keys": [
      {
        "code": {
          "kind": "named",
          "value": "ctrl"
        },
        "use_scancode": false
      },
      {
        "code": {
          "kind": "named",
          "value": "a"
        },
        "use_scancode": false
      }
    ],
    "hold_ms": 33,
    "backend": "software"
  },
  "key_down": {
    "kind": "key_down",
    "key": {
      "code": {
        "kind": "named",
        "value": "a"
      },
      "use_scancode": false
    },
    "backend": "software"
  },
  "key_press": {
    "kind": "key_press",
    "key": {
      "code": {
        "kind": "named",
        "value": "a"
      },
      "use_scancode": false
    },
    "hold_ms": 33,
    "backend": "software"
  },
  "key_up": {
    "kind": "key_up",
    "key": {
      "code": {
        "kind": "named",
        "value": "a"
      },
      "use_scancode": false
    },
    "backend": "software"
  },
  "mouse_button": {
    "kind": "mouse_button",
    "button": "left",
    "action": "press",
    "hold_ms": 16,
    "backend": "software"
  },
  "mouse_drag": {
    "kind": "mouse_drag",
    "from": {
      "x": 10,
      "y": 20
    },
    "to": {
      "x": 110,
      "y": 220
    },
    "button": "left",
    "curve": {
      "kind": "ease_in_out"
    },
    "duration_ms": 200,
    "backend": "software"
  },
  "mouse_move": {
    "kind": "mouse_move",
    "to": {
      "kind": "screen",
      "point": {
        "x": 100,
        "y": 200
      }
    },
    "curve": {
      "kind": "natural",
      "params": {
        "control_point_jitter": 0.08,
        "tremor_stddev_px": 0.2,
        "overshoot_prob": 0.25,
        "overshoot_factor_range": [
          1.02,
          1.06
        ],
        "micro_correct_steps": 1,
        "timing_stddev_ms": 1.5
      }
    },
    "duration_ms": 50,
    "backend": "software"
  },
  "mouse_move_relative": {
    "kind": "mouse_move_relative",
    "dx": 10.5,
    "dy": -4.25,
    "backend": "software"
  },
  "mouse_scroll": {
    "kind": "mouse_scroll",
    "dy": -120,
    "dx": 0,
    "at": {
      "x": 50,
      "y": 60
    },
    "backend": "software"
  },
  "mouse_stroke": {
    "kind": "mouse_stroke",
    "path": {
      "kind": "circle",
      "center": {
        "x": 200.0,
        "y": 150.0
      },
      "radius": 32.0
    },
    "button": "left",
    "profile": "minimum_jerk",
    "timing": {
      "kind": "duration_ms",
      "duration_ms": 750
    },
    "motion_model": {
      "kind": "path"
    },
    "humanize": {
      "tremor_base_stddev_px": 0.2,
      "tremor_velocity_scale": 0.5,
      "overshoot_prob": 0.1,
      "overshoot_factor_range": [
        1.02,
        1.05
      ],
      "micro_pause_prob": 0.05,
      "micro_pause_ms_range": [
        2,
        8
      ],
      "seed": 42
    },
    "backend": "software"
  },
  "pad_button": {
    "kind": "pad_button",
    "pad": 0,
    "button": "a",
    "action": "press",
    "hold_ms": 33
  },
  "pad_report": {
    "kind": "pad_report",
    "pad": 0,
    "report": {
      "controller": "x360",
      "buttons": [
        "a",
        "start"
      ],
      "thumb_l": [
        0.25,
        -0.25
      ],
      "thumb_r": [
        0.0,
        0.0
      ],
      "lt": 0.0,
      "rt": 1.0
    }
  },
  "pad_stick": {
    "kind": "pad_stick",
    "pad": 0,
    "stick": "left",
    "x": 0.5,
    "y": -0.5
  },
  "pad_trigger": {
    "kind": "pad_trigger",
    "pad": 0,
    "trigger": "right",
    "value": 0.75
  },
  "release_all": {
    "kind": "release_all"
  },
  "type_text": {
    "kind": "type_text",
    "text": "Hello world.",
    "dynamics": {
      "kind": "natural",
      "params": {
        "mean_iki_ms": 32.0,
        "stddev_ms": 10.0,
        "bigram_bias": true
      }
    },
    "backend": "software"
  }
}
