---
source: crates/synapse-core/tests/event_filter_types.rs
expression: "json!({ \"filters\": filters, \"data_predicates\": predicates, })"
---
{
  "data_predicates": {
    "eq": {
      "op": "eq",
      "value": "hp"
    },
    "exists": {
      "op": "exists"
    },
    "ge": {
      "op": "ge",
      "value": 15
    },
    "gt": {
      "op": "gt",
      "value": 5
    },
    "in_set": {
      "op": "in_set",
      "values": [
        "ammo",
        "hp"
      ]
    },
    "le": {
      "op": "le",
      "value": 15
    },
    "lt": {
      "op": "lt",
      "value": 20
    },
    "ne": {
      "op": "ne",
      "value": "ammo"
    },
    "regex": {
      "op": "regex",
      "pattern": "^h.$"
    }
  },
  "filters": {
    "all": {
      "op": "all"
    },
    "and": {
      "args": [
        {
          "op": "all"
        },
        {
          "kind": "hud-value-changed",
          "op": "kind"
        }
      ],
      "op": "and"
    },
    "data": {
      "op": "data",
      "path": "/field",
      "predicate": {
        "op": "eq",
        "value": "hp"
      }
    },
    "kind": {
      "kind": "hud-value-changed",
      "op": "kind"
    },
    "none": {
      "op": "none"
    },
    "not": {
      "arg": {
        "op": "none"
      },
      "op": "not"
    },
    "or": {
      "args": [
        {
          "op": "none"
        },
        {
          "kind": "hud-value-changed",
          "op": "kind"
        }
      ],
      "op": "or"
    },
    "source": {
      "op": "source",
      "source": "perception_hud"
    }
  }
}
