---
source: crates/synapse-action/tests/curve_natural_seed_42.rs
expression: "snapshot_text(&sha256, &samples)"
---
sha256: cb43368235eeb3c458cad4e619e830927caf83bd8ee10e2a6ad7a61979755605
samples:
  - x: 0, y: 0
  - x: 10, y: 4
  - x: 25, y: 15
  - x: 25, y: 15
  - x: 47, y: 38
  - x: 55, y: 47
  - x: 61, y: 54
  - x: 83, y: 81
  - x: 91, y: 91
  - x: 97, y: 97
  - x: 100, y: 100
  - x: 100, y: 100
