---
source: crates/synapse-action/tests/recording_backend_fsv.rs
expression: snapshot
---
{
  "aim_at": [
    {
      "kind": "aim_at",
      "target": {
        "kind": "screen",
        "point": {
          "x": 30,
          "y": 40
        }
      },
      "style": "snap",
      "deadline_ms": 60
    }
  ],
  "combo": [
    {
      "kind": "combo_at",
      "at_ms": 0
    },
    {
      "kind": "key_down",
      "key": {
        "code": {
          "kind": "named",
          "value": "a"
        },
        "use_scancode": false
      }
    },
    {
      "kind": "combo_at",
      "at_ms": 33
    },
    {
      "kind": "key_up",
      "key": {
        "code": {
          "kind": "named",
          "value": "a"
        },
        "use_scancode": false
      }
    }
  ],
  "key_chord": [
    {
      "kind": "key_down",
      "key": {
        "code": {
          "kind": "named",
          "value": "ctrl"
        },
        "use_scancode": false
      }
    },
    {
      "kind": "key_down",
      "key": {
        "code": {
          "kind": "named",
          "value": "s"
        },
        "use_scancode": false
      }
    },
    {
      "kind": "delay_ms",
      "ms": 33
    },
    {
      "kind": "key_up",
      "key": {
        "code": {
          "kind": "named",
          "value": "s"
        },
        "use_scancode": false
      }
    },
    {
      "kind": "key_up",
      "key": {
        "code": {
          "kind": "named",
          "value": "ctrl"
        },
        "use_scancode": false
      }
    }
  ],
  "key_down": [
    {
      "kind": "key_down",
      "key": {
        "code": {
          "kind": "named",
          "value": "shift"
        },
        "use_scancode": false
      }
    }
  ],
  "key_press": [
    {
      "kind": "key_down",
      "key": {
        "code": {
          "kind": "named",
          "value": "a"
        },
        "use_scancode": false
      }
    },
    {
      "kind": "delay_ms",
      "ms": 33
    },
    {
      "kind": "key_up",
      "key": {
        "code": {
          "kind": "named",
          "value": "a"
        },
        "use_scancode": false
      }
    }
  ],
  "key_up": [
    {
      "kind": "key_up",
      "key": {
        "code": {
          "kind": "named",
          "value": "shift"
        },
        "use_scancode": false
      }
    }
  ],
  "mouse_button": [
    {
      "kind": "mouse_button_down",
      "button": "left"
    },
    {
      "kind": "delay_ms",
      "ms": 16
    },
    {
      "kind": "mouse_button_up",
      "button": "left"
    }
  ],
  "mouse_drag": [
    {
      "kind": "mouse_button_down",
      "button": "left"
    },
    {
      "kind": "mouse_move",
      "to": {
        "kind": "screen",
        "point": {
          "x": 11,
          "y": 22
        }
      },
      "curve": {
        "kind": "natural",
        "params": {
          "control_point_jitter": 0.08,
          "tremor_stddev_px": 0.2,
          "overshoot_prob": 0.25,
          "overshoot_factor_range": [
            1.02,
            1.06
          ],
          "micro_correct_steps": 1,
          "timing_stddev_ms": 1.5
        }
      },
      "duration_ms": 200
    },
    {
      "kind": "mouse_button_up",
      "button": "left"
    }
  ],
  "mouse_move": [
    {
      "kind": "mouse_move",
      "to": {
        "kind": "screen",
        "point": {
          "x": 10,
          "y": 20
        }
      },
      "curve": {
        "kind": "natural",
        "params": {
          "control_point_jitter": 0.08,
          "tremor_stddev_px": 0.2,
          "overshoot_prob": 0.25,
          "overshoot_factor_range": [
            1.02,
            1.06
          ],
          "micro_correct_steps": 1,
          "timing_stddev_ms": 1.5
        }
      },
      "duration_ms": 50
    }
  ],
  "mouse_move_relative": [
    {
      "kind": "mouse_move_relative",
      "dx": 3.5,
      "dy": -2.25
    }
  ],
  "mouse_scroll": [
    {
      "kind": "mouse_scroll",
      "dy": -3,
      "dx": 1,
      "at": {
        "x": 5,
        "y": 6
      }
    }
  ],
  "pad_button": [
    {
      "kind": "pad_button_down",
      "pad": 0,
      "button": "a"
    },
    {
      "kind": "delay_ms",
      "ms": 33
    },
    {
      "kind": "pad_button_up",
      "pad": 0,
      "button": "a"
    }
  ],
  "pad_report": [
    {
      "kind": "pad_report",
      "pad": 1,
      "report": {
        "buttons": [
          "a",
          "start"
        ],
        "thumb_l": [
          0.0,
          0.0
        ],
        "thumb_r": [
          0.0,
          0.5
        ],
        "lt": 0.25,
        "rt": 0.0
      }
    }
  ],
  "pad_stick": [
    {
      "kind": "pad_stick",
      "pad": 1,
      "stick": "left",
      "x": 0.25,
      "y": -0.5
    }
  ],
  "pad_trigger": [
    {
      "kind": "pad_trigger",
      "pad": 1,
      "trigger": "right",
      "value": 0.75
    }
  ],
  "release_all": [
    {
      "kind": "release_all",
      "held_keys": [],
      "held_buttons": [],
      "pads": []
    }
  ],
  "type_text": [
    {
      "kind": "key_down",
      "key": {
        "code": {
          "kind": "named",
          "value": "shift"
        },
        "use_scancode": false
      }
    },
    {
      "kind": "key_down",
      "key": {
        "code": {
          "kind": "named",
          "value": "a"
        },
        "use_scancode": false
      }
    },
    {
      "kind": "key_up",
      "key": {
        "code": {
          "kind": "named",
          "value": "a"
        },
        "use_scancode": false
      }
    },
    {
      "kind": "key_up",
      "key": {
        "code": {
          "kind": "named",
          "value": "shift"
        },
        "use_scancode": false
      }
    },
    {
      "kind": "delay_ms",
      "ms": 32
    },
    {
      "kind": "key_down",
      "key": {
        "code": {
          "kind": "named",
          "value": "z"
        },
        "use_scancode": false
      }
    },
    {
      "kind": "key_up",
      "key": {
        "code": {
          "kind": "named",
          "value": "z"
        },
        "use_scancode": false
      }
    }
  ]
}
