---
source: crates/synapse-mcp/tests/m3_default_resolution.rs
expression: snapshot
---
{
  "impplan_defaults": [
    {
      "actual": [],
      "path": "inputSchema.properties.kinds.default",
      "tool": "subscribe"
    },
    {
      "actual": false,
      "path": "inputSchema.properties.snapshot_first.default",
      "tool": "subscribe"
    },
    {
      "actual": 4096,
      "path": "inputSchema.properties.buffer_size.default",
      "tool": "subscribe"
    },
    {
      "actual": 100,
      "path": "inputSchema.properties.priority.default",
      "tool": "reflex_register"
    },
    {
      "actual": {
        "kind": "until_cancelled"
      },
      "path": "inputSchema.properties.lifetime.default",
      "tool": "reflex_register"
    },
    {
      "actual": "auto",
      "path": "inputSchema.properties.backend.default",
      "tool": "reflex_register"
    },
    {
      "actual": false,
      "path": "inputSchema.properties.include_expired.default",
      "tool": "reflex_list"
    },
    {
      "actual": 50,
      "path": "inputSchema.properties.limit.default",
      "tool": "reflex_history"
    },
    {
      "actual": true,
      "path": "inputSchema.properties.include_inactive.default",
      "tool": "profile_list"
    },
    {
      "actual": "jsonl",
      "path": "inputSchema.properties.format.default",
      "tool": "replay_record"
    },
    {
      "actual": "observations",
      "path": "inputSchema.properties.target.default",
      "tool": "replay_record"
    },
    {
      "actual": 5.0,
      "path": "inputSchema.properties.seconds.default",
      "tool": "audio_tail"
    },
    {
      "actual": 5.0,
      "path": "inputSchema.properties.seconds.default",
      "tool": "audio_transcribe"
    },
    {
      "actual": "en",
      "path": "inputSchema.properties.language.default",
      "tool": "audio_transcribe"
    }
  ],
  "motion_defaults": [
    {
      "actual": "natural",
      "path": "act_click.inputSchema.properties.curve.default",
      "tool": "act_click"
    },
    {
      "actual": "constant",
      "path": "act_stroke.inputSchema.properties.velocity_profile.default",
      "tool": "act_stroke"
    },
    {
      "actual": "natural",
      "path": "act_type.inputSchema.properties.dynamics.default",
      "tool": "act_type"
    },
    {
      "actual": "constant",
      "path": "reflex_register.inputSchema.properties.velocity_profile.default",
      "tool": "reflex_register"
    }
  ],
  "required": [
    {
      "actual_contains": "subscription_id",
      "path": "inputSchema.required",
      "tool": "subscribe_cancel"
    },
    {
      "actual_contains": "reflex_id",
      "path": "inputSchema.required",
      "tool": "reflex_cancel"
    },
    {
      "actual_contains": "profile_id",
      "path": "inputSchema.required",
      "tool": "profile_activate"
    }
  ]
}
