---
source: crates/synapse-mcp/tests/m3_reflex_cancel_tool.rs
expression: shape
---
{
  "inputSchema": {
    "$schema": "https://json-schema.org/draft/2020-12/schema",
    "additionalProperties": false,
    "properties": {
      "reflex_id": {
        "type": "string"
      }
    },
    "required": [
      "reflex_id"
    ],
    "title": "ReflexCancelParams",
    "type": "object"
  },
  "name": "reflex_cancel",
  "outputSchema": {
    "$defs": {
      "ReflexCancelReason": {
        "enum": [
          "ok",
          "not_found",
          "already_expired"
        ],
        "type": "string"
      }
    },
    "$schema": "https://json-schema.org/draft/2020-12/schema",
    "additionalProperties": false,
    "properties": {
      "cancelled": {
        "type": "boolean"
      },
      "reason": {
        "$ref": "#/$defs/ReflexCancelReason"
      }
    },
    "required": [
      "cancelled",
      "reason"
    ],
    "title": "ReflexCancelResponse",
    "type": "object"
  }
}
