---
source: crates/synapse-mcp/tests/m3_reflex_list_tool.rs
expression: shape
---
{
  "inputSchema": {
    "$schema": "https://json-schema.org/draft/2020-12/schema",
    "additionalProperties": false,
    "properties": {
      "include_expired": {
        "default": false,
        "type": "boolean"
      }
    },
    "title": "ReflexListParams",
    "type": "object"
  },
  "name": "reflex_list",
  "outputSchema": {
    "$defs": {
      "DataPredicate": {
        "oneOf": [
          {
            "properties": {
              "op": {
                "const": "eq",
                "type": "string"
              },
              "value": {
                "type": [
                  "object",
                  "array",
                  "string",
                  "number",
                  "boolean",
                  "null"
                ]
              }
            },
            "required": [
              "op",
              "value"
            ],
            "type": "object"
          },
          {
            "properties": {
              "op": {
                "const": "ne",
                "type": "string"
              },
              "value": {
                "type": [
                  "object",
                  "array",
                  "string",
                  "number",
                  "boolean",
                  "null"
                ]
              }
            },
            "required": [
              "op",
              "value"
            ],
            "type": "object"
          },
          {
            "properties": {
              "op": {
                "const": "lt",
                "type": "string"
              },
              "value": {
                "type": [
                  "object",
                  "array",
                  "string",
                  "number",
                  "boolean",
                  "null"
                ]
              }
            },
            "required": [
              "op",
              "value"
            ],
            "type": "object"
          },
          {
            "properties": {
              "op": {
                "const": "le",
                "type": "string"
              },
              "value": {
                "type": [
                  "object",
                  "array",
                  "string",
                  "number",
                  "boolean",
                  "null"
                ]
              }
            },
            "required": [
              "op",
              "value"
            ],
            "type": "object"
          },
          {
            "properties": {
              "op": {
                "const": "gt",
                "type": "string"
              },
              "value": {
                "type": [
                  "object",
                  "array",
                  "string",
                  "number",
                  "boolean",
                  "null"
                ]
              }
            },
            "required": [
              "op",
              "value"
            ],
            "type": "object"
          },
          {
            "properties": {
              "op": {
                "const": "ge",
                "type": "string"
              },
              "value": {
                "type": [
                  "object",
                  "array",
                  "string",
                  "number",
                  "boolean",
                  "null"
                ]
              }
            },
            "required": [
              "op",
              "value"
            ],
            "type": "object"
          },
          {
            "properties": {
              "op": {
                "const": "regex",
                "type": "string"
              },
              "pattern": {
                "type": "string"
              }
            },
            "required": [
              "op",
              "pattern"
            ],
            "type": "object"
          },
          {
            "properties": {
              "op": {
                "const": "in_set",
                "type": "string"
              },
              "values": {
                "items": true,
                "type": "array"
              }
            },
            "required": [
              "op",
              "values"
            ],
            "type": "object"
          },
          {
            "properties": {
              "op": {
                "const": "exists",
                "type": "string"
              }
            },
            "required": [
              "op"
            ],
            "type": "object"
          }
        ]
      },
      "EventFilter": {
        "oneOf": [
          {
            "properties": {
              "op": {
                "const": "all",
                "type": "string"
              }
            },
            "required": [
              "op"
            ],
            "type": "object"
          },
          {
            "properties": {
              "op": {
                "const": "none",
                "type": "string"
              }
            },
            "required": [
              "op"
            ],
            "type": "object"
          },
          {
            "properties": {
              "kind": {
                "type": "string"
              },
              "op": {
                "const": "kind",
                "type": "string"
              }
            },
            "required": [
              "op",
              "kind"
            ],
            "type": "object"
          },
          {
            "properties": {
              "op": {
                "const": "source",
                "type": "string"
              },
              "source": {
                "$ref": "#/$defs/EventSource"
              }
            },
            "required": [
              "op",
              "source"
            ],
            "type": "object"
          },
          {
            "properties": {
              "args": {
                "items": {
                  "$ref": "#/$defs/EventFilter"
                },
                "type": "array"
              },
              "op": {
                "const": "and",
                "type": "string"
              }
            },
            "required": [
              "op",
              "args"
            ],
            "type": "object"
          },
          {
            "properties": {
              "args": {
                "items": {
                  "$ref": "#/$defs/EventFilter"
                },
                "type": "array"
              },
              "op": {
                "const": "or",
                "type": "string"
              }
            },
            "required": [
              "op",
              "args"
            ],
            "type": "object"
          },
          {
            "properties": {
              "arg": {
                "$ref": "#/$defs/EventFilter"
              },
              "op": {
                "const": "not",
                "type": "string"
              }
            },
            "required": [
              "op",
              "arg"
            ],
            "type": "object"
          },
          {
            "properties": {
              "op": {
                "const": "data",
                "type": "string"
              },
              "path": {
                "type": "string"
              },
              "predicate": {
                "$ref": "#/$defs/DataPredicate"
              }
            },
            "required": [
              "op",
              "path",
              "predicate"
            ],
            "type": "object"
          }
        ]
      },
      "EventSource": {
        "enum": [
          "a11y_uia",
          "a11y_win_event",
          "a11y_cdp",
          "perception",
          "perception_detection",
          "perception_hud",
          "perception_audio",
          "filesystem",
          "process",
          "clipboard",
          "action_emitter",
          "reflex",
          "system"
        ],
        "type": "string"
      },
      "ReflexLifetime": {
        "oneOf": [
          {
            "additionalProperties": false,
            "properties": {
              "kind": {
                "const": "until_cancelled",
                "type": "string"
              }
            },
            "required": [
              "kind"
            ],
            "type": "object"
          },
          {
            "additionalProperties": false,
            "properties": {
              "kind": {
                "const": "one_shot",
                "type": "string"
              }
            },
            "required": [
              "kind"
            ],
            "type": "object"
          },
          {
            "additionalProperties": false,
            "properties": {
              "kind": {
                "const": "duration",
                "type": "string"
              },
              "ms": {
                "minimum": 0,
                "type": "integer"
              }
            },
            "required": [
              "kind",
              "ms"
            ],
            "type": "object"
          },
          {
            "additionalProperties": false,
            "properties": {
              "filter": {
                "$ref": "#/$defs/EventFilter"
              },
              "kind": {
                "const": "until_event",
                "type": "string"
              }
            },
            "required": [
              "kind",
              "filter"
            ],
            "type": "object"
          },
          {
            "additionalProperties": false,
            "properties": {
              "kind": {
                "const": "until_deadline",
                "type": "string"
              },
              "ms": {
                "minimum": 0,
                "type": "integer"
              }
            },
            "required": [
              "kind",
              "ms"
            ],
            "type": "object"
          }
        ]
      },
      "ReflexState": {
        "enum": [
          "active",
          "action_denied",
          "paused",
          "cancelled",
          "expired",
          "disabled",
          "starved"
        ],
        "type": "string"
      },
      "ReflexStatus": {
        "additionalProperties": false,
        "properties": {
          "exclusive": {
            "type": "boolean"
          },
          "fire_count": {
            "minimum": 0,
            "type": "integer"
          },
          "id": {
            "type": "string"
          },
          "kind_summary": {
            "type": "string"
          },
          "last_error_code": {
            "type": [
              "string",
              "null"
            ]
          },
          "last_fired_at": {
            "format": "date-time",
            "type": [
              "string",
              "null"
            ]
          },
          "lifetime": {
            "$ref": "#/$defs/ReflexLifetime"
          },
          "priority": {
            "minimum": 0,
            "type": "integer"
          },
          "registered_at": {
            "format": "date-time",
            "type": "string"
          },
          "state": {
            "$ref": "#/$defs/ReflexState"
          }
        },
        "required": [
          "id",
          "kind_summary",
          "state",
          "registered_at",
          "fire_count",
          "priority",
          "lifetime",
          "exclusive"
        ],
        "type": "object"
      }
    },
    "$schema": "https://json-schema.org/draft/2020-12/schema",
    "additionalProperties": false,
    "properties": {
      "reflexes": {
        "items": {
          "$ref": "#/$defs/ReflexStatus"
        },
        "type": "array"
      }
    },
    "required": [
      "reflexes"
    ],
    "title": "ReflexListResponse",
    "type": "object"
  }
}
