---
source: crates/synapse-mcp/tests/m3_subscribe_tool.rs
expression: shape
---
{
  "subscribe": {
    "inputSchema": {
      "$defs": {
        "DataPredicate": {
          "oneOf": [
            {
              "properties": {
                "op": {
                  "const": "eq",
                  "type": "string"
                },
                "value": {
                  "type": [
                    "object",
                    "array",
                    "string",
                    "number",
                    "boolean",
                    "null"
                  ]
                }
              },
              "required": [
                "op",
                "value"
              ],
              "type": "object"
            },
            {
              "properties": {
                "op": {
                  "const": "ne",
                  "type": "string"
                },
                "value": {
                  "type": [
                    "object",
                    "array",
                    "string",
                    "number",
                    "boolean",
                    "null"
                  ]
                }
              },
              "required": [
                "op",
                "value"
              ],
              "type": "object"
            },
            {
              "properties": {
                "op": {
                  "const": "lt",
                  "type": "string"
                },
                "value": {
                  "type": [
                    "object",
                    "array",
                    "string",
                    "number",
                    "boolean",
                    "null"
                  ]
                }
              },
              "required": [
                "op",
                "value"
              ],
              "type": "object"
            },
            {
              "properties": {
                "op": {
                  "const": "le",
                  "type": "string"
                },
                "value": {
                  "type": [
                    "object",
                    "array",
                    "string",
                    "number",
                    "boolean",
                    "null"
                  ]
                }
              },
              "required": [
                "op",
                "value"
              ],
              "type": "object"
            },
            {
              "properties": {
                "op": {
                  "const": "gt",
                  "type": "string"
                },
                "value": {
                  "type": [
                    "object",
                    "array",
                    "string",
                    "number",
                    "boolean",
                    "null"
                  ]
                }
              },
              "required": [
                "op",
                "value"
              ],
              "type": "object"
            },
            {
              "properties": {
                "op": {
                  "const": "ge",
                  "type": "string"
                },
                "value": {
                  "type": [
                    "object",
                    "array",
                    "string",
                    "number",
                    "boolean",
                    "null"
                  ]
                }
              },
              "required": [
                "op",
                "value"
              ],
              "type": "object"
            },
            {
              "properties": {
                "op": {
                  "const": "regex",
                  "type": "string"
                },
                "pattern": {
                  "type": "string"
                }
              },
              "required": [
                "op",
                "pattern"
              ],
              "type": "object"
            },
            {
              "properties": {
                "op": {
                  "const": "in_set",
                  "type": "string"
                },
                "values": {
                  "items": true,
                  "type": "array"
                }
              },
              "required": [
                "op",
                "values"
              ],
              "type": "object"
            },
            {
              "properties": {
                "op": {
                  "const": "exists",
                  "type": "string"
                }
              },
              "required": [
                "op"
              ],
              "type": "object"
            }
          ]
        },
        "EventFilter": {
          "oneOf": [
            {
              "properties": {
                "op": {
                  "const": "all",
                  "type": "string"
                }
              },
              "required": [
                "op"
              ],
              "type": "object"
            },
            {
              "properties": {
                "op": {
                  "const": "none",
                  "type": "string"
                }
              },
              "required": [
                "op"
              ],
              "type": "object"
            },
            {
              "properties": {
                "kind": {
                  "type": "string"
                },
                "op": {
                  "const": "kind",
                  "type": "string"
                }
              },
              "required": [
                "op",
                "kind"
              ],
              "type": "object"
            },
            {
              "properties": {
                "op": {
                  "const": "source",
                  "type": "string"
                },
                "source": {
                  "$ref": "#/$defs/EventSource"
                }
              },
              "required": [
                "op",
                "source"
              ],
              "type": "object"
            },
            {
              "properties": {
                "args": {
                  "items": {
                    "$ref": "#/$defs/EventFilter"
                  },
                  "type": "array"
                },
                "op": {
                  "const": "and",
                  "type": "string"
                }
              },
              "required": [
                "op",
                "args"
              ],
              "type": "object"
            },
            {
              "properties": {
                "args": {
                  "items": {
                    "$ref": "#/$defs/EventFilter"
                  },
                  "type": "array"
                },
                "op": {
                  "const": "or",
                  "type": "string"
                }
              },
              "required": [
                "op",
                "args"
              ],
              "type": "object"
            },
            {
              "properties": {
                "arg": {
                  "$ref": "#/$defs/EventFilter"
                },
                "op": {
                  "const": "not",
                  "type": "string"
                }
              },
              "required": [
                "op",
                "arg"
              ],
              "type": "object"
            },
            {
              "properties": {
                "op": {
                  "const": "data",
                  "type": "string"
                },
                "path": {
                  "type": "string"
                },
                "predicate": {
                  "$ref": "#/$defs/DataPredicate"
                }
              },
              "required": [
                "op",
                "path",
                "predicate"
              ],
              "type": "object"
            }
          ]
        },
        "EventSource": {
          "enum": [
            "a11y_uia",
            "a11y_win_event",
            "a11y_cdp",
            "perception",
            "perception_detection",
            "perception_hud",
            "perception_audio",
            "filesystem",
            "process",
            "clipboard",
            "action_emitter",
            "reflex",
            "system"
          ],
          "type": "string"
        }
      },
      "$schema": "https://json-schema.org/draft/2020-12/schema",
      "additionalProperties": false,
      "properties": {
        "buffer_size": {
          "default": 4096,
          "format": "uint32",
          "minimum": 0,
          "type": "integer"
        },
        "filter": {
          "anyOf": [
            {
              "$ref": "#/$defs/EventFilter"
            },
            {
              "type": "null"
            }
          ],
          "default": null
        },
        "kinds": {
          "default": [],
          "items": {
            "type": "string"
          },
          "type": "array"
        },
        "snapshot_first": {
          "default": false,
          "type": "boolean"
        }
      },
      "title": "SubscribeParams",
      "type": "object"
    },
    "name": "subscribe",
    "outputSchema": {
      "$schema": "https://json-schema.org/draft/2020-12/schema",
      "additionalProperties": false,
      "properties": {
        "started_at": {
          "format": "date-time",
          "type": "string"
        },
        "subscription_id": {
          "type": "string"
        }
      },
      "required": [
        "subscription_id",
        "started_at"
      ],
      "title": "SubscribeResponse",
      "type": "object"
    }
  },
  "subscribe_cancel": {
    "inputSchema": {
      "$schema": "https://json-schema.org/draft/2020-12/schema",
      "additionalProperties": false,
      "properties": {
        "subscription_id": {
          "type": "string"
        }
      },
      "required": [
        "subscription_id"
      ],
      "title": "SubscribeCancelParams",
      "type": "object"
    },
    "name": "subscribe_cancel",
    "outputSchema": {
      "$defs": {
        "SubscribeCancelReason": {
          "enum": [
            "ok",
            "not_found"
          ],
          "type": "string"
        }
      },
      "$schema": "https://json-schema.org/draft/2020-12/schema",
      "additionalProperties": false,
      "properties": {
        "cancelled": {
          "type": "boolean"
        },
        "reason": {
          "$ref": "#/$defs/SubscribeCancelReason"
        }
      },
      "required": [
        "cancelled",
        "reason"
      ],
      "title": "SubscribeCancelResponse",
      "type": "object"
    }
  }
}
