---
source: crates/synapse-mcp/tests/m3_tools_list.rs
expression: snapshot
---
{
  "count": 48,
  "m3_defaults": [
    {
      "actual": 33,
      "path": "inputSchema.properties.hold_ms.default",
      "tool": "act_keymap"
    },
    {
      "actual": "auto",
      "path": "inputSchema.properties.backend.default",
      "tool": "act_keymap"
    },
    {
      "actual": 120,
      "path": "inputSchema.properties.hold_ms.default",
      "tool": "act_click"
    },
    {
      "actual": "constant",
      "path": "inputSchema.properties.velocity_profile.default",
      "tool": "act_stroke"
    },
    {
      "actual": "auto",
      "path": "inputSchema.properties.backend.default",
      "tool": "act_stroke"
    },
    {
      "actual": [],
      "path": "inputSchema.properties.kinds.default",
      "tool": "subscribe"
    },
    {
      "actual": false,
      "path": "inputSchema.properties.snapshot_first.default",
      "tool": "subscribe"
    },
    {
      "actual": 4096,
      "path": "inputSchema.properties.buffer_size.default",
      "tool": "subscribe"
    },
    {
      "actual": 100,
      "path": "inputSchema.properties.priority.default",
      "tool": "reflex_register"
    },
    {
      "actual": {
        "kind": "until_cancelled"
      },
      "path": "inputSchema.properties.lifetime.default",
      "tool": "reflex_register"
    },
    {
      "actual": "auto",
      "path": "inputSchema.properties.backend.default",
      "tool": "reflex_register"
    },
    {
      "actual": false,
      "path": "inputSchema.properties.include_expired.default",
      "tool": "reflex_list"
    },
    {
      "actual": 50,
      "path": "inputSchema.properties.limit.default",
      "tool": "reflex_history"
    },
    {
      "actual": true,
      "path": "inputSchema.properties.include_inactive.default",
      "tool": "profile_list"
    },
    {
      "actual": 500,
      "path": "inputSchema.properties.max_audit_rows.default",
      "tool": "profile_authoring_generate"
    },
    {
      "actual": 500,
      "path": "inputSchema.properties.max_replay_rows.default",
      "tool": "profile_authoring_generate"
    },
    {
      "actual": 100,
      "path": "inputSchema.properties.limit.default",
      "tool": "profile_authoring_list"
    },
    {
      "actual": 5000,
      "path": "inputSchema.properties.max_audit_rows.default",
      "tool": "profile_quality_refresh"
    },
    {
      "actual": 86400000000000,
      "path": "inputSchema.properties.stale_after_ns.default",
      "tool": "profile_quality_refresh"
    },
    {
      "actual": false,
      "path": "inputSchema.properties.include_disabled.default",
      "tool": "profile_registry_search"
    },
    {
      "actual": 100,
      "path": "inputSchema.properties.limit.default",
      "tool": "profile_registry_search"
    },
    {
      "actual": "registry.local",
      "path": "inputSchema.properties.source_id.default",
      "tool": "profile_registry_install"
    },
    {
      "actual": "local_first",
      "path": "inputSchema.properties.trust_policy.default",
      "tool": "profile_registry_install"
    },
    {
      "actual": 100,
      "path": "inputSchema.properties.limit.default",
      "tool": "profile_registry_report"
    },
    {
      "actual": 100,
      "path": "inputSchema.properties.max_audit_rows.default",
      "tool": "profile_registry_report"
    },
    {
      "actual": "disabled",
      "path": "inputSchema.properties.state.default",
      "tool": "profile_registry_disable"
    },
    {
      "actual": false,
      "path": "inputSchema.properties.include_disabled.default",
      "tool": "profile_registry_export"
    },
    {
      "actual": 100,
      "path": "inputSchema.properties.limit.default",
      "tool": "profile_registry_export"
    },
    {
      "actual": 100,
      "path": "inputSchema.properties.max_rows.default",
      "tool": "audit_intelligence_query"
    },
    {
      "actual": "strict",
      "path": "inputSchema.$defs.AuditExportConsentParams.properties.redaction_policy.default",
      "tool": "audit_export_bundle"
    },
    {
      "actual": 100,
      "path": "inputSchema.properties.max_rows.default",
      "tool": "audit_export_bundle"
    },
    {
      "actual": 65536,
      "path": "inputSchema.properties.max_row_bytes.default",
      "tool": "audit_export_bundle"
    },
    {
      "actual": "jsonl",
      "path": "inputSchema.properties.format.default",
      "tool": "replay_record"
    },
    {
      "actual": "observations",
      "path": "inputSchema.properties.target.default",
      "tool": "replay_record"
    },
    {
      "actual": 5.0,
      "path": "inputSchema.properties.seconds.default",
      "tool": "audio_tail"
    },
    {
      "actual": 5.0,
      "path": "inputSchema.properties.seconds.default",
      "tool": "audio_transcribe"
    },
    {
      "actual": "en",
      "path": "inputSchema.properties.language.default",
      "tool": "audio_transcribe"
    },
    {
      "actual_contains": "alias",
      "path": "inputSchema.required",
      "tool": "act_keymap"
    },
    {
      "actual_contains": "path",
      "path": "inputSchema.required",
      "tool": "act_stroke"
    },
    {
      "actual_contains": "duration_or_speed",
      "path": "inputSchema.required",
      "tool": "act_stroke"
    },
    {
      "actual_contains": "subscription_id",
      "path": "inputSchema.required",
      "tool": "subscribe_cancel"
    },
    {
      "actual_contains": "reflex_id",
      "path": "inputSchema.required",
      "tool": "reflex_cancel"
    },
    {
      "actual_contains": "profile_id",
      "path": "inputSchema.required",
      "tool": "profile_activate"
    },
    {
      "actual_contains": "profile_id",
      "path": "inputSchema.required",
      "tool": "profile_authoring_generate"
    },
    {
      "actual_contains": "candidate_id",
      "path": "inputSchema.required",
      "tool": "profile_authoring_inspect"
    },
    {
      "actual_contains": "candidate_id",
      "path": "inputSchema.required",
      "tool": "profile_authoring_decide"
    },
    {
      "actual_contains": "decision",
      "path": "inputSchema.required",
      "tool": "profile_authoring_decide"
    },
    {
      "actual_contains": "candidate_id",
      "path": "inputSchema.required",
      "tool": "profile_authoring_export"
    },
    {
      "actual_contains": "output_path",
      "path": "inputSchema.required",
      "tool": "profile_authoring_export"
    },
    {
      "actual_contains": "profile_id",
      "path": "inputSchema.required",
      "tool": "profile_quality_refresh"
    },
    {
      "actual_contains": "manifest_path",
      "path": "inputSchema.required",
      "tool": "profile_registry_install"
    },
    {
      "actual_contains": "profile_id",
      "path": "inputSchema.required",
      "tool": "profile_registry_disable"
    },
    {
      "actual_contains": "output_path",
      "path": "inputSchema.required",
      "tool": "profile_registry_export"
    },
    {
      "actual_contains": "bundle_path",
      "path": "inputSchema.required",
      "tool": "profile_registry_import"
    },
    {
      "actual_contains": "profile_id",
      "path": "inputSchema.required",
      "tool": "profile_registry_rollback"
    },
    {
      "actual_contains": "profile_id",
      "path": "inputSchema.required",
      "tool": "audit_intelligence_query"
    },
    {
      "actual_contains": "profile_id",
      "path": "inputSchema.required",
      "tool": "audit_export_bundle"
    },
    {
      "actual_contains": "output_path",
      "path": "inputSchema.required",
      "tool": "audit_export_bundle"
    },
    {
      "actual_contains": "cf_name",
      "path": "inputSchema.required",
      "tool": "storage_put_probe_rows"
    },
    {
      "actual_contains": "key_prefix",
      "path": "inputSchema.required",
      "tool": "storage_put_probe_rows"
    },
    {
      "actual_contains": "rows",
      "path": "inputSchema.required",
      "tool": "storage_put_probe_rows"
    },
    {
      "actual_contains": "value_bytes",
      "path": "inputSchema.required",
      "tool": "storage_put_probe_rows"
    },
    {
      "actual_contains": "cf_name",
      "path": "inputSchema.required",
      "tool": "storage_gc_once"
    },
    {
      "actual_contains": "soft_cap_rows",
      "path": "inputSchema.required",
      "tool": "storage_gc_once"
    },
    {
      "actual_contains": "hard_cap_rows",
      "path": "inputSchema.required",
      "tool": "storage_gc_once"
    },
    {
      "actual_contains": "free_bytes",
      "path": "inputSchema.required",
      "tool": "storage_pressure_sample"
    }
  ],
  "tools": [
    "act_aim",
    "act_click",
    "act_clipboard",
    "act_drag",
    "act_keymap",
    "act_pad",
    "act_press",
    "act_scroll",
    "act_stroke",
    "act_type",
    "audio_tail",
    "audio_transcribe",
    "audit_export_bundle",
    "audit_intelligence_query",
    "find",
    "health",
    "observe",
    "profile_activate",
    "profile_authoring_decide",
    "profile_authoring_export",
    "profile_authoring_generate",
    "profile_authoring_inspect",
    "profile_authoring_list",
    "profile_list",
    "profile_quality_refresh",
    "profile_registry_disable",
    "profile_registry_export",
    "profile_registry_import",
    "profile_registry_inspect",
    "profile_registry_install",
    "profile_registry_report",
    "profile_registry_rollback",
    "profile_registry_search",
    "read_text",
    "reflex_cancel",
    "reflex_history",
    "reflex_list",
    "reflex_register",
    "release_all",
    "replay_record",
    "set_capture_target",
    "set_perception_mode",
    "storage_gc_once",
    "storage_inspect",
    "storage_pressure_sample",
    "storage_put_probe_rows",
    "subscribe",
    "subscribe_cancel"
  ]
}
