---
source: crates/synapse-mcp/tests/m3_tools_list.rs
expression: snapshot
---
{
  "count": 38,
  "m3_defaults": [
    {
      "actual": [],
      "path": "inputSchema.properties.kinds.default",
      "tool": "subscribe"
    },
    {
      "actual": false,
      "path": "inputSchema.properties.snapshot_first.default",
      "tool": "subscribe"
    },
    {
      "actual": 4096,
      "path": "inputSchema.properties.buffer_size.default",
      "tool": "subscribe"
    },
    {
      "actual": 100,
      "path": "inputSchema.properties.priority.default",
      "tool": "reflex_register"
    },
    {
      "actual": {
        "kind": "until_cancelled"
      },
      "path": "inputSchema.properties.lifetime.default",
      "tool": "reflex_register"
    },
    {
      "actual": "auto",
      "path": "inputSchema.properties.backend.default",
      "tool": "reflex_register"
    },
    {
      "actual": false,
      "path": "inputSchema.properties.include_expired.default",
      "tool": "reflex_list"
    },
    {
      "actual": 50,
      "path": "inputSchema.properties.limit.default",
      "tool": "reflex_history"
    },
    {
      "actual": true,
      "path": "inputSchema.properties.include_inactive.default",
      "tool": "profile_list"
    },
    {
      "actual": 5000,
      "path": "inputSchema.properties.max_audit_rows.default",
      "tool": "profile_quality_refresh"
    },
    {
      "actual": 86400000000000,
      "path": "inputSchema.properties.stale_after_ns.default",
      "tool": "profile_quality_refresh"
    },
    {
      "actual": false,
      "path": "inputSchema.properties.include_disabled.default",
      "tool": "profile_registry_search"
    },
    {
      "actual": 100,
      "path": "inputSchema.properties.limit.default",
      "tool": "profile_registry_search"
    },
    {
      "actual": "registry.local",
      "path": "inputSchema.properties.source_id.default",
      "tool": "profile_registry_install"
    },
    {
      "actual": "disabled",
      "path": "inputSchema.properties.state.default",
      "tool": "profile_registry_disable"
    },
    {
      "actual": false,
      "path": "inputSchema.properties.include_disabled.default",
      "tool": "profile_registry_export"
    },
    {
      "actual": 100,
      "path": "inputSchema.properties.limit.default",
      "tool": "profile_registry_export"
    },
    {
      "actual": 100,
      "path": "inputSchema.properties.max_rows.default",
      "tool": "audit_intelligence_query"
    },
    {
      "actual": "jsonl",
      "path": "inputSchema.properties.format.default",
      "tool": "replay_record"
    },
    {
      "actual": "observations",
      "path": "inputSchema.properties.target.default",
      "tool": "replay_record"
    },
    {
      "actual": 5,
      "path": "inputSchema.properties.seconds.default",
      "tool": "audio_tail"
    },
    {
      "actual": 5,
      "path": "inputSchema.properties.seconds.default",
      "tool": "audio_transcribe"
    },
    {
      "actual": "en",
      "path": "inputSchema.properties.language.default",
      "tool": "audio_transcribe"
    },
    {
      "actual_contains": "subscription_id",
      "path": "inputSchema.required",
      "tool": "subscribe_cancel"
    },
    {
      "actual_contains": "reflex_id",
      "path": "inputSchema.required",
      "tool": "reflex_cancel"
    },
    {
      "actual_contains": "profile_id",
      "path": "inputSchema.required",
      "tool": "profile_activate"
    },
    {
      "actual_contains": "profile_id",
      "path": "inputSchema.required",
      "tool": "profile_quality_refresh"
    },
    {
      "actual_contains": "manifest_path",
      "path": "inputSchema.required",
      "tool": "profile_registry_install"
    },
    {
      "actual_contains": "profile_id",
      "path": "inputSchema.required",
      "tool": "profile_registry_disable"
    },
    {
      "actual_contains": "output_path",
      "path": "inputSchema.required",
      "tool": "profile_registry_export"
    },
    {
      "actual_contains": "bundle_path",
      "path": "inputSchema.required",
      "tool": "profile_registry_import"
    },
    {
      "actual_contains": "profile_id",
      "path": "inputSchema.required",
      "tool": "audit_intelligence_query"
    },
    {
      "actual_contains": "cf_name",
      "path": "inputSchema.required",
      "tool": "storage_put_probe_rows"
    },
    {
      "actual_contains": "key_prefix",
      "path": "inputSchema.required",
      "tool": "storage_put_probe_rows"
    },
    {
      "actual_contains": "rows",
      "path": "inputSchema.required",
      "tool": "storage_put_probe_rows"
    },
    {
      "actual_contains": "value_bytes",
      "path": "inputSchema.required",
      "tool": "storage_put_probe_rows"
    },
    {
      "actual_contains": "cf_name",
      "path": "inputSchema.required",
      "tool": "storage_gc_once"
    },
    {
      "actual_contains": "soft_cap_rows",
      "path": "inputSchema.required",
      "tool": "storage_gc_once"
    },
    {
      "actual_contains": "hard_cap_rows",
      "path": "inputSchema.required",
      "tool": "storage_gc_once"
    },
    {
      "actual_contains": "free_bytes",
      "path": "inputSchema.required",
      "tool": "storage_pressure_sample"
    }
  ],
  "tools": [
    "act_aim",
    "act_click",
    "act_clipboard",
    "act_drag",
    "act_pad",
    "act_press",
    "act_scroll",
    "act_type",
    "audio_tail",
    "audio_transcribe",
    "audit_intelligence_query",
    "find",
    "health",
    "observe",
    "profile_activate",
    "profile_list",
    "profile_quality_refresh",
    "profile_registry_disable",
    "profile_registry_export",
    "profile_registry_import",
    "profile_registry_inspect",
    "profile_registry_install",
    "profile_registry_search",
    "read_text",
    "reflex_cancel",
    "reflex_history",
    "reflex_list",
    "reflex_register",
    "release_all",
    "replay_record",
    "set_capture_target",
    "set_perception_mode",
    "storage_gc_once",
    "storage_inspect",
    "storage_pressure_sample",
    "storage_put_probe_rows",
    "subscribe",
    "subscribe_cancel"
  ]
}
