---
source: crates/synapse-mcp/tests/m4_default_resolution.rs
expression: snapshot
---
{
  "defaults": [
    {
      "actual": "auto",
      "path": "inputSchema.properties.backend.default",
      "tool": "act_combo"
    },
    {
      "actual": [],
      "path": "inputSchema.properties.args.default",
      "tool": "act_run_shell"
    },
    {
      "actual": {},
      "path": "inputSchema.properties.env.default",
      "tool": "act_run_shell"
    },
    {
      "actual": 30000,
      "path": "inputSchema.properties.timeout_ms.default",
      "tool": "act_run_shell"
    },
    {
      "actual": [],
      "path": "inputSchema.properties.args.default",
      "tool": "act_launch"
    },
    {
      "actual": null,
      "path": "inputSchema.properties.cdp_debug.default",
      "tool": "act_launch"
    },
    {
      "actual": null,
      "path": "inputSchema.properties.desktop.default",
      "tool": "act_launch"
    },
    {
      "actual": {},
      "path": "inputSchema.properties.env.default",
      "tool": "act_launch"
    },
    {
      "actual": null,
      "path": "inputSchema.properties.force_renderer_accessibility.default",
      "tool": "act_launch"
    },
    {
      "actual": 10000,
      "path": "inputSchema.properties.timeout_ms.default",
      "tool": "act_launch"
    },
    {
      "actual": null,
      "path": "inputSchema.properties.windows_console_window_state.default",
      "tool": "act_launch"
    }
  ],
  "non_schema_defaults": [
    {
      "actual_contains": "steps",
      "path": "inputSchema.required",
      "tool": "act_combo"
    },
    {
      "actual_contains": "params",
      "path": "inputSchema.$defs.ActComboStep.required",
      "tool": "act_combo"
    },
    {
      "actual": "absent",
      "path": "inputSchema.$defs.ActComboStep.properties.backend.default",
      "tool": "act_combo"
    },
    {
      "actual": "absent",
      "path": "inputSchema.properties.idempotency_key.default",
      "tool": "act_combo"
    },
    {
      "actual_contains": "command",
      "path": "inputSchema.required",
      "tool": "act_run_shell"
    },
    {
      "actual": "absent",
      "path": "inputSchema.properties.working_dir.default",
      "tool": "act_run_shell"
    },
    {
      "actual": "absent",
      "path": "inputSchema.properties.idempotency_key.default",
      "tool": "act_run_shell"
    },
    {
      "actual_contains": "target",
      "path": "inputSchema.required",
      "tool": "act_launch"
    },
    {
      "actual": "absent",
      "path": "inputSchema.properties.working_dir.default",
      "tool": "act_launch"
    },
    {
      "actual": "absent",
      "path": "inputSchema.properties.wait_for_window_title_regex.default",
      "tool": "act_launch"
    },
    {
      "actual": "absent",
      "path": "inputSchema.properties.idempotency_key.default",
      "tool": "act_launch"
    }
  ],
  "observed_default_paths": [
    "act_combo.inputSchema.properties.backend.default",
    "act_launch.inputSchema.properties.args.default",
    "act_launch.inputSchema.properties.cdp_debug.default",
    "act_launch.inputSchema.properties.desktop.default",
    "act_launch.inputSchema.properties.env.default",
    "act_launch.inputSchema.properties.force_renderer_accessibility.default",
    "act_launch.inputSchema.properties.timeout_ms.default",
    "act_launch.inputSchema.properties.windows_console_window_state.default",
    "act_run_shell.inputSchema.properties.args.default",
    "act_run_shell.inputSchema.properties.env.default",
    "act_run_shell.inputSchema.properties.timeout_ms.default"
  ]
}
