---
source: crates/synapse-mcp/tests/m4_tools_list.rs
expression: snapshot
---
{
  "count": 110,
  "m4_defaults": [
    {
      "actual": 33,
      "path": "inputSchema.properties.hold_ms.default",
      "tool": "act_keymap"
    },
    {
      "actual": "auto",
      "path": "inputSchema.properties.backend.default",
      "tool": "act_keymap"
    },
    {
      "actual": 120,
      "path": "inputSchema.properties.hold_ms.default",
      "tool": "act_click"
    },
    {
      "actual": "constant",
      "path": "inputSchema.properties.velocity_profile.default",
      "tool": "act_stroke"
    },
    {
      "actual": {
        "kind": "path"
      },
      "path": "inputSchema.properties.motion_model.default",
      "tool": "act_stroke"
    },
    {
      "actual": "auto",
      "path": "inputSchema.properties.backend.default",
      "tool": "act_stroke"
    },
    {
      "actual": "auto",
      "path": "inputSchema.properties.backend.default",
      "tool": "act_combo"
    },
    {
      "actual": [],
      "path": "inputSchema.properties.args.default",
      "tool": "act_run_shell"
    },
    {
      "actual": {},
      "path": "inputSchema.properties.env.default",
      "tool": "act_run_shell"
    },
    {
      "actual": 30000,
      "path": "inputSchema.properties.timeout_ms.default",
      "tool": "act_run_shell"
    },
    {
      "actual": [],
      "path": "inputSchema.properties.args.default",
      "tool": "act_run_shell_start"
    },
    {
      "actual": {},
      "path": "inputSchema.properties.env.default",
      "tool": "act_run_shell_start"
    },
    {
      "actual": 65536,
      "path": "inputSchema.properties.tail_bytes.default",
      "tool": "act_run_shell_status"
    },
    {
      "actual": [],
      "path": "inputSchema.properties.args.default",
      "tool": "act_launch"
    },
    {
      "actual": {},
      "path": "inputSchema.properties.env.default",
      "tool": "act_launch"
    },
    {
      "actual": 10000,
      "path": "inputSchema.properties.timeout_ms.default",
      "tool": "act_launch"
    },
    {
      "actual_contains": "steps",
      "path": "inputSchema.required",
      "tool": "act_combo"
    },
    {
      "actual_contains": "alias",
      "path": "inputSchema.required",
      "tool": "act_keymap"
    },
    {
      "actual_contains": "path",
      "path": "inputSchema.properties",
      "tool": "act_stroke"
    },
    {
      "actual_contains": "target",
      "path": "inputSchema.properties",
      "tool": "act_stroke"
    },
    {
      "actual_contains": "from",
      "path": "inputSchema.properties",
      "tool": "act_stroke"
    },
    {
      "actual_contains": "to",
      "path": "inputSchema.properties",
      "tool": "act_stroke"
    },
    {
      "actual_contains": "duration_or_speed",
      "path": "inputSchema.required",
      "tool": "act_stroke"
    },
    {
      "actual_contains": "command",
      "path": "inputSchema.required",
      "tool": "act_run_shell"
    },
    {
      "actual_contains": "command",
      "path": "inputSchema.required",
      "tool": "act_run_shell_start"
    },
    {
      "actual_contains": "job_id",
      "path": "inputSchema.required",
      "tool": "act_run_shell_status"
    },
    {
      "actual_contains": "job_id",
      "path": "inputSchema.required",
      "tool": "act_run_shell_cancel"
    },
    {
      "actual_contains": "target",
      "path": "inputSchema.required",
      "tool": "act_launch"
    },
    {
      "actual": "everquest.live",
      "path": "inputSchema.properties.profile_id.default",
      "tool": "everquest_world_summary"
    },
    {
      "actual": "everquest/current_state/v1/everquest.live",
      "path": "inputSchema.properties.state_row_key.default",
      "tool": "everquest_world_summary"
    },
    {
      "actual": 5,
      "path": "inputSchema.properties.max_exits.default",
      "tool": "everquest_world_summary"
    },
    {
      "actual": 5,
      "path": "inputSchema.properties.max_landmarks.default",
      "tool": "everquest_world_summary"
    },
    {
      "actual": 5,
      "path": "inputSchema.properties.max_transitions.default",
      "tool": "everquest_world_summary"
    },
    {
      "actual": 5,
      "path": "inputSchema.properties.max_hazards.default",
      "tool": "everquest_world_summary"
    },
    {
      "actual": 300,
      "path": "inputSchema.properties.stale_after_seconds.default",
      "tool": "everquest_world_summary"
    },
    {
      "actual_contains": "summary_id",
      "path": "inputSchema.required",
      "tool": "everquest_world_summary"
    }
  ],
  "tools": [
    "act_click",
    "act_clipboard",
    "act_combo",
    "act_focus_window",
    "act_keymap",
    "act_launch",
    "act_pad",
    "act_press",
    "act_run_shell",
    "act_run_shell_cancel",
    "act_run_shell_start",
    "act_run_shell_status",
    "act_scroll",
    "act_set_value",
    "act_spawn_agent",
    "act_stroke",
    "act_type",
    "action_diagnostic_queue_full_setup",
    "action_diagnostic_rate_limit_override",
    "agent_inbox",
    "agent_send",
    "agent_wait",
    "audio_tail",
    "audio_transcribe",
    "audit_export_bundle",
    "audit_intelligence_query",
    "capture_screenshot",
    "cdp_close_tab",
    "cdp_navigate_tab",
    "cdp_open_tab",
    "clear_target",
    "control_lease_acquire",
    "control_lease_handoff",
    "control_lease_release",
    "control_lease_status",
    "everquest_action_prior_record",
    "everquest_action_prior_scorecard",
    "everquest_autocombat",
    "everquest_chat_input_state",
    "everquest_contextgraph_ingest",
    "everquest_contextgraph_search",
    "everquest_current_state",
    "everquest_domain_normalize",
    "everquest_episode_export",
    "everquest_loc_probe",
    "everquest_map_sensor",
    "everquest_memory_consult",
    "everquest_memory_record",
    "everquest_outcome_ingest",
    "everquest_planner_guard",
    "everquest_predictive_model_fit",
    "everquest_predictive_model_predict",
    "everquest_route_plan",
    "everquest_safe_command",
    "everquest_surprise_detect",
    "everquest_survival_readiness",
    "everquest_trajectory_record",
    "everquest_world_model_inspect",
    "everquest_world_model_record",
    "everquest_world_summary",
    "find",
    "get_target",
    "health",
    "hidden_desktop_pip_frame",
    "observe",
    "observe_delta",
    "profile_activate",
    "profile_authoring_decide",
    "profile_authoring_export",
    "profile_authoring_generate",
    "profile_authoring_inspect",
    "profile_authoring_list",
    "profile_list",
    "profile_quality_refresh",
    "profile_registry_disable",
    "profile_registry_export",
    "profile_registry_import",
    "profile_registry_install",
    "profile_registry_query",
    "profile_registry_rollback",
    "read_text",
    "reality_audit",
    "reality_baseline",
    "reflex_cancel",
    "reflex_history",
    "reflex_list",
    "reflex_register",
    "release_all",
    "replay_record",
    "session_end",
    "session_list",
    "session_status",
    "set_capture_target",
    "set_perception_mode",
    "set_target",
    "storage_gc_once",
    "storage_inspect",
    "storage_pressure_sample",
    "storage_put_probe_rows",
    "subscribe",
    "subscribe_cancel",
    "target_claim",
    "target_claim_adopt",
    "target_claim_status",
    "target_release",
    "timeline_search",
    "workspace_get",
    "workspace_list",
    "workspace_put",
    "workspace_subscribe"
  ]
}
