---
source: crates/synapse-mcp/tests/m4_tools_list.rs
expression: snapshot
---
{
  "count": 74,
  "m4_defaults": [
    {
      "actual": 33,
      "path": "inputSchema.properties.hold_ms.default",
      "tool": "act_keymap"
    },
    {
      "actual": "auto",
      "path": "inputSchema.properties.backend.default",
      "tool": "act_keymap"
    },
    {
      "actual": "auto",
      "path": "inputSchema.properties.backend.default",
      "tool": "act_combo"
    },
    {
      "actual": [],
      "path": "inputSchema.properties.args.default",
      "tool": "act_run_shell"
    },
    {
      "actual": {},
      "path": "inputSchema.properties.env.default",
      "tool": "act_run_shell"
    },
    {
      "actual": 30000,
      "path": "inputSchema.properties.timeout_ms.default",
      "tool": "act_run_shell"
    },
    {
      "actual": [],
      "path": "inputSchema.properties.args.default",
      "tool": "act_launch"
    },
    {
      "actual": {},
      "path": "inputSchema.properties.env.default",
      "tool": "act_launch"
    },
    {
      "actual": 10000,
      "path": "inputSchema.properties.timeout_ms.default",
      "tool": "act_launch"
    },
    {
      "actual_contains": "steps",
      "path": "inputSchema.required",
      "tool": "act_combo"
    },
    {
      "actual_contains": "alias",
      "path": "inputSchema.required",
      "tool": "act_keymap"
    },
    {
      "actual_contains": "command",
      "path": "inputSchema.required",
      "tool": "act_run_shell"
    },
    {
      "actual_contains": "target",
      "path": "inputSchema.required",
      "tool": "act_launch"
    },
    {
      "actual": "everquest.live",
      "path": "inputSchema.properties.profile_id.default",
      "tool": "everquest_world_summary"
    },
    {
      "actual": "everquest/current_state/v1/everquest.live",
      "path": "inputSchema.properties.state_row_key.default",
      "tool": "everquest_world_summary"
    },
    {
      "actual": 5,
      "path": "inputSchema.properties.max_exits.default",
      "tool": "everquest_world_summary"
    },
    {
      "actual": 5,
      "path": "inputSchema.properties.max_landmarks.default",
      "tool": "everquest_world_summary"
    },
    {
      "actual": 5,
      "path": "inputSchema.properties.max_transitions.default",
      "tool": "everquest_world_summary"
    },
    {
      "actual": 5,
      "path": "inputSchema.properties.max_hazards.default",
      "tool": "everquest_world_summary"
    },
    {
      "actual": 300,
      "path": "inputSchema.properties.stale_after_seconds.default",
      "tool": "everquest_world_summary"
    },
    {
      "actual_contains": "summary_id",
      "path": "inputSchema.required",
      "tool": "everquest_world_summary"
    }
  ],
  "tools": [
    "act_aim",
    "act_click",
    "act_clipboard",
    "act_combo",
    "act_drag",
    "act_keymap",
    "act_launch",
    "act_pad",
    "act_press",
    "act_run_shell",
    "act_scroll",
    "act_type",
    "audio_tail",
    "audio_transcribe",
    "audit_export_bundle",
    "audit_export_consent_set",
    "audit_intelligence_query",
    "everquest_action_prior_record",
    "everquest_action_prior_scorecard",
    "everquest_chat_input_state",
    "everquest_current_state",
    "everquest_domain_normalize",
    "everquest_episode_export",
    "everquest_loc_probe",
    "everquest_map_sensor",
    "everquest_memory_consult",
    "everquest_memory_record",
    "everquest_outcome_ingest",
    "everquest_planner_guard",
    "everquest_predictive_model_fit",
    "everquest_predictive_model_predict",
    "everquest_route_plan",
    "everquest_safe_command",
    "everquest_surprise_detect",
    "everquest_survival_readiness",
    "everquest_trajectory_record",
    "everquest_world_model_inspect",
    "everquest_world_model_record",
    "everquest_world_summary",
    "find",
    "health",
    "observe",
    "profile_activate",
    "profile_authoring_accept",
    "profile_authoring_export",
    "profile_authoring_generate",
    "profile_authoring_inspect",
    "profile_authoring_list",
    "profile_authoring_reject",
    "profile_list",
    "profile_quality_refresh",
    "profile_registry_disable",
    "profile_registry_export",
    "profile_registry_import",
    "profile_registry_inspect",
    "profile_registry_install",
    "profile_registry_report",
    "profile_registry_rollback",
    "profile_registry_search",
    "read_text",
    "reflex_cancel",
    "reflex_history",
    "reflex_list",
    "reflex_register",
    "release_all",
    "replay_record",
    "set_capture_target",
    "set_perception_mode",
    "storage_gc_once",
    "storage_inspect",
    "storage_pressure_sample",
    "storage_put_probe_rows",
    "subscribe",
    "subscribe_cancel"
  ]
}
